// Jest Snapshot v1, https://goo.gl/fbAQLP

exports[`<Footer  /> should match snapshot 1`] = `
.c0 {
  display: -webkit-box;
  display: -webkit-flex;
  display: -ms-flexbox;
  display: flex;
  -webkit-box-pack: justify;
  -webkit-justify-content: space-between;
  -ms-flex-pack: justify;
  justify-content: space-between;
  -webkit-flex-wrap: wrap;
  -ms-flex-wrap: wrap;
  flex-wrap: wrap;
  margin-bottom: 15px;
  border-bottom: 1px solid rgba(255,255,255,0.1);
  padding-bottom: 10px;
  width: 80%;
  margin: 0 auto;
}

.c1 {
  -webkit-align-self: center;
  -ms-flex-item-align: center;
  align-self: center;
}

.c2 ul {
  display: -webkit-box;
  display: -webkit-flex;
  display: -ms-flexbox;
  display: flex;
  -webkit-flex-wrap: wrap;
  -ms-flex-wrap: wrap;
  flex-wrap: wrap;
}

.c2 ul li {
  margin: 8px;
}

.c2 ul li a {
  padding: 8px;
  width: 36px;
  height: 36px;
  line-height: 36px;
  text-align: center;
  border-radius: 50%;
  border: 1px solid rgba(255,255,255,0.1);
  color: #ffffff;
  font-size: 14px;
}

.c2 ul li a:hover {
  background-color: #69d7aa;
  -webkit-transition: all ease 0.3s;
  transition: all ease 0.3s;
}

.c2 ul li a i {
  width: 15px;
  height: 15px;
}

.c3 {
  display: -webkit-box;
  display: -webkit-flex;
  display: -ms-flexbox;
  display: flex;
  -webkit-box-pack: space-around;
  -webkit-justify-content: space-around;
  -ms-flex-pack: space-around;
  justify-content: space-around;
  -webkit-flex-wrap: wrap;
  -ms-flex-wrap: wrap;
  flex-wrap: wrap;
}

.c4 {
  -webkit-align-self: center;
  -ms-flex-item-align: center;
  align-self: center;
}

.c5 ul {
  display: -webkit-box;
  display: -webkit-flex;
  display: -ms-flexbox;
  display: flex;
  -webkit-flex-wrap: wrap;
  -ms-flex-wrap: wrap;
  flex-wrap: wrap;
}

.c5 ul li {
  margin: 20px;
}

.c5 ul li a {
  color: white;
}

@media screen and (max-width:280px) {
  .c0 {
    width: 90%;
  }
}

<footer
  class=""
>
  <div
    class="c0"
  >
    <div
      class="c1"
    >
      <img
        alt=""
        src="logo.png"
      />
    </div>
    <div
      class="c2"
    >
      <ul>
        <li>
          <a
            href="/"
          >
            <i
              class="fab fa-facebook-f"
            />
          </a>
        </li>
        <li>
          <a
            href="/"
          >
            <i
              class="fab fa-twitter"
            />
          </a>
        </li>
        <li>
          <a
            href="/"
          >
            <i
              class="fab fa-pinterest-p"
            />
          </a>
        </li>
        <li>
          <a
            href="/"
          >
            <i
              class="fab fa-google"
            />
          </a>
        </li>
        <li>
          <a
            href="/"
          >
            <i
              class="fab fa-instagram"
            />
          </a>
        </li>
      </ul>
    </div>
  </div>
  <div
    class="c3"
  >
    <div
      class="c4"
    >
      <p>
        Copyright Â© 2020.All Rights Reserved By Boleto
      </p>
    </div>
    <div
      class="c5"
    >
      <ul>
        <li>
          <a
            href="/"
          >
            About
          </a>
        </li>
        <li>
          <a
            href="/"
          >
            Terms of use
          </a>
        </li>
        <li>
          <a
            href="/"
          >
            Privacy Policy
          </a>
        </li>
        <li>
          <a
            href="/"
          >
            FAQ
          </a>
        </li>
        <li>
          <a
            href="/"
          >
            Feedback
          </a>
        </li>
      </ul>
    </div>
  </div>
</footer>
`;
