// Jest Snapshot v1, https://goo.gl/fbAQLP

exports[`<Form  /> should match snapshot 1`] = `
<div
  class=""
>
  
  <p>
    Form
  </p>
</div>
`;
