// Jest Snapshot v1, https://goo.gl/fbAQLP

exports[`<TitleStyle  /> should match snapshot 1`] = `
.c0 {
  color: #000;
  font-weight: 500;
}

.c0:hover h3 {
  -webkit-transition: all 0.3s;
  transition: all 0.3s;
  color: #fb4226;
}

<a
  class="c0"
>
  <h3 />
</a>
`;
