// Jest Snapshot v1, https://goo.gl/fbAQLP

exports[`<Food  /> should match snapshot 1`] = `
.c0 {
  width: 100%;
}

.c1 {
  display: -webkit-box;
  display: -webkit-flex;
  display: -ms-flexbox;
  display: flex;
  -webkit-box-pack: justify;
  -webkit-justify-content: space-between;
  -ms-flex-pack: justify;
  justify-content: space-between;
  -webkit-align-items: center;
  -webkit-box-align: center;
  -ms-flex-align: center;
  align-items: center;
  padding-right: 20px;
  height: 30px;
}

.c1 h1 {
  text-align: center;
  color: green;
  width: 100%;
  font-size: 2.3rem;
}

.c1 span {
  color: #016f33;
  font-size: 1rem;
  font-weight: 600;
}

<div
  class="c0"
>
  <div
    class="c1"
  >
    <h3>
      <a
        style="margin-bottom: 0px; display: inline-block; color: red;"
      >
        Ch·ªçn combo
      </a>
    </h3>
    <span>
      0
    </span>
  </div>
</div>
`;
