// Jest Snapshot v1, https://goo.gl/fbAQLP

exports[`<CinemaPosition  /> should match snapshot 1`] = `
<div
  class=""
>
  <a
    style="margin-bottom: 0px; display: inline-block;"
  >
    Địa chỉ
  </a>
</div>
`;
