// Jest Snapshot v1, https://goo.gl/fbAQLP

exports[`<About  /> should match snapshot 1`] = `
<div
  class=""
>
  
  <p>
    About
  </p>
</div>
`;
