// Jest Snapshot v1, https://goo.gl/fbAQLP

exports[`<Login  /> should match snapshot 1`] = `
<div
  class=""
>
  <p>
    Login
  </p>
  
</div>
`;
